2025-11-18 12:54:53,360:WARNING:C:\Users\krzys\OneDrive\Documents\Y Priv\1. od_zera_do_ai\modul_11\AUTO_EDA_FOR\app\pages\02_Automat_EDA.py:503: UserWarning: Parsing dates in DD/MM/YYYY format when dayfirst=False (the default) was specified. This may lead to inconsistently parsed dates! Specify a format to ensure consistent parsing.
  parsed = pd.to_datetime(sample, errors="coerce", utc=False)

2025-11-18 12:54:53,509:WARNING:C:\Users\krzys\OneDrive\Documents\Y Priv\1. od_zera_do_ai\modul_11\AUTO_EDA_FOR\app\pages\02_Automat_EDA.py:591: UserWarning: Parsing dates in DD/MM/YYYY format when dayfirst=False (the default) was specified. This may lead to inconsistently parsed dates! Specify a format to ensure consistent parsing.
  parsed = pd.to_datetime(sample, errors="coerce", utc=False)

2025-11-18 13:13:21,345:WARNING:C:\Users\krzys\OneDrive\Documents\Y Priv\1. od_zera_do_ai\modul_11\AUTO_EDA_FOR\app\pages\02_Automat_EDA.py:763: UserWarning: Parsing dates in DD/MM/YYYY format when dayfirst=False (the default) was specified. This may lead to inconsistently parsed dates! Specify a format to ensure consistent parsing.
  parsed = pd.to_datetime(sample, errors="coerce", utc=False)

2025-11-18 13:13:21,492:WARNING:C:\Users\krzys\OneDrive\Documents\Y Priv\1. od_zera_do_ai\modul_11\AUTO_EDA_FOR\app\pages\02_Automat_EDA.py:851: UserWarning: Parsing dates in DD/MM/YYYY format when dayfirst=False (the default) was specified. This may lead to inconsistently parsed dates! Specify a format to ensure consistent parsing.
  parsed = pd.to_datetime(sample, errors="coerce", utc=False)

2025-11-18 13:14:00,212:WARNING:C:\Users\krzys\OneDrive\Documents\Y Priv\1. od_zera_do_ai\modul_11\AUTO_EDA_FOR\app\pages\02_Automat_EDA.py:763: UserWarning: Parsing dates in DD/MM/YYYY format when dayfirst=False (the default) was specified. This may lead to inconsistently parsed dates! Specify a format to ensure consistent parsing.
  parsed = pd.to_datetime(sample, errors="coerce", utc=False)

2025-11-18 13:14:00,446:WARNING:C:\Users\krzys\OneDrive\Documents\Y Priv\1. od_zera_do_ai\modul_11\AUTO_EDA_FOR\app\pages\02_Automat_EDA.py:851: UserWarning: Parsing dates in DD/MM/YYYY format when dayfirst=False (the default) was specified. This may lead to inconsistently parsed dates! Specify a format to ensure consistent parsing.
  parsed = pd.to_datetime(sample, errors="coerce", utc=False)

2025-11-18 13:14:19,006:WARNING:C:\Users\krzys\OneDrive\Documents\Y Priv\1. od_zera_do_ai\modul_11\AUTO_EDA_FOR\app\pages\02_Automat_EDA.py:763: UserWarning: Parsing dates in DD/MM/YYYY format when dayfirst=False (the default) was specified. This may lead to inconsistently parsed dates! Specify a format to ensure consistent parsing.
  parsed = pd.to_datetime(sample, errors="coerce", utc=False)

2025-11-18 13:14:19,505:WARNING:C:\Users\krzys\OneDrive\Documents\Y Priv\1. od_zera_do_ai\modul_11\AUTO_EDA_FOR\app\pages\02_Automat_EDA.py:851: UserWarning: Parsing dates in DD/MM/YYYY format when dayfirst=False (the default) was specified. This may lead to inconsistently parsed dates! Specify a format to ensure consistent parsing.
  parsed = pd.to_datetime(sample, errors="coerce", utc=False)

2025-11-18 13:14:24,609:WARNING:C:\Users\krzys\OneDrive\Documents\Y Priv\1. od_zera_do_ai\modul_11\AUTO_EDA_FOR\app\pages\02_Automat_EDA.py:763: UserWarning: Parsing dates in DD/MM/YYYY format when dayfirst=False (the default) was specified. This may lead to inconsistently parsed dates! Specify a format to ensure consistent parsing.
  parsed = pd.to_datetime(sample, errors="coerce", utc=False)

2025-11-18 13:14:24,835:WARNING:C:\Users\krzys\OneDrive\Documents\Y Priv\1. od_zera_do_ai\modul_11\AUTO_EDA_FOR\app\pages\02_Automat_EDA.py:851: UserWarning: Parsing dates in DD/MM/YYYY format when dayfirst=False (the default) was specified. This may lead to inconsistently parsed dates! Specify a format to ensure consistent parsing.
  parsed = pd.to_datetime(sample, errors="coerce", utc=False)

2025-11-18 18:45:29,036:WARNING:C:\Users\krzys\OneDrive\Documents\Y Priv\1. od_zera_do_ai\modul_11\AUTO_EDA_FOR\app\pages\02_Automat_EDA.py:683: UserWarning: Parsing dates in DD/MM/YYYY format when dayfirst=False (the default) was specified. This may lead to inconsistently parsed dates! Specify a format to ensure consistent parsing.
  parsed = pd.to_datetime(sample, errors="coerce", utc=False)

2025-11-18 18:45:29,199:WARNING:C:\Users\krzys\OneDrive\Documents\Y Priv\1. od_zera_do_ai\modul_11\AUTO_EDA_FOR\app\pages\02_Automat_EDA.py:771: UserWarning: Parsing dates in DD/MM/YYYY format when dayfirst=False (the default) was specified. This may lead to inconsistently parsed dates! Specify a format to ensure consistent parsing.
  parsed = pd.to_datetime(sample, errors="coerce", utc=False)

2025-11-18 18:55:47,450:WARNING:C:\Users\krzys\OneDrive\Documents\Y Priv\1. od_zera_do_ai\modul_11\AUTO_EDA_FOR\app\pages\02_Automat_EDA.py:172: DtypeWarning: Columns (0) have mixed types. Specify dtype option on import or set low_memory=False.
  df = pd.read_csv(csv_path)

2025-11-18 21:38:56,372:WARNING:C:\Users\krzys\OneDrive\Documents\Y Priv\1. od_zera_do_ai\modul_11\AUTO_EDA_FOR\app\pages\02_Automat_EDA.py:684: UserWarning: Parsing dates in DD/MM/YYYY format when dayfirst=False (the default) was specified. This may lead to inconsistently parsed dates! Specify a format to ensure consistent parsing.
  parsed = pd.to_datetime(sample, errors="coerce", utc=False)

2025-11-18 21:38:56,534:WARNING:C:\Users\krzys\OneDrive\Documents\Y Priv\1. od_zera_do_ai\modul_11\AUTO_EDA_FOR\app\pages\02_Automat_EDA.py:772: UserWarning: Parsing dates in DD/MM/YYYY format when dayfirst=False (the default) was specified. This may lead to inconsistently parsed dates! Specify a format to ensure consistent parsing.
  parsed = pd.to_datetime(sample, errors="coerce", utc=False)

2025-11-18 21:40:15,628:WARNING:C:\Users\krzys\OneDrive\Documents\Y Priv\1. od_zera_do_ai\modul_11\AUTO_EDA_FOR\app\pages\02_Automat_EDA.py:173: DtypeWarning: Columns (0) have mixed types. Specify dtype option on import or set low_memory=False.
  df = pd.read_csv(csv_path)

2025-11-18 22:08:04,896:WARNING:C:\Users\krzys\OneDrive\Documents\Y Priv\1. od_zera_do_ai\modul_11\AUTO_EDA_FOR\app\pages\02_Automat_EDA.py:684: UserWarning: Parsing dates in DD/MM/YYYY format when dayfirst=False (the default) was specified. This may lead to inconsistently parsed dates! Specify a format to ensure consistent parsing.
  parsed = pd.to_datetime(sample, errors="coerce", utc=False)

2025-11-18 22:08:05,040:WARNING:C:\Users\krzys\OneDrive\Documents\Y Priv\1. od_zera_do_ai\modul_11\AUTO_EDA_FOR\app\pages\02_Automat_EDA.py:772: UserWarning: Parsing dates in DD/MM/YYYY format when dayfirst=False (the default) was specified. This may lead to inconsistently parsed dates! Specify a format to ensure consistent parsing.
  parsed = pd.to_datetime(sample, errors="coerce", utc=False)

2025-11-18 22:12:39,522:WARNING:C:\Users\krzys\OneDrive\Documents\Y Priv\1. od_zera_do_ai\modul_11\AUTO_EDA_FOR\app\pages\02_Automat_EDA.py:684: UserWarning: Parsing dates in DD/MM/YYYY format when dayfirst=False (the default) was specified. This may lead to inconsistently parsed dates! Specify a format to ensure consistent parsing.
  parsed = pd.to_datetime(sample, errors="coerce", utc=False)

2025-11-18 22:12:39,684:WARNING:C:\Users\krzys\OneDrive\Documents\Y Priv\1. od_zera_do_ai\modul_11\AUTO_EDA_FOR\app\pages\02_Automat_EDA.py:772: UserWarning: Parsing dates in DD/MM/YYYY format when dayfirst=False (the default) was specified. This may lead to inconsistently parsed dates! Specify a format to ensure consistent parsing.
  parsed = pd.to_datetime(sample, errors="coerce", utc=False)

2025-11-18 22:15:50,526:WARNING:C:\Users\krzys\OneDrive\Documents\Y Priv\1. od_zera_do_ai\modul_11\AUTO_EDA_FOR\app\pages\02_Automat_EDA.py:684: UserWarning: Parsing dates in DD/MM/YYYY format when dayfirst=False (the default) was specified. This may lead to inconsistently parsed dates! Specify a format to ensure consistent parsing.
  parsed = pd.to_datetime(sample, errors="coerce", utc=False)

2025-11-18 22:15:50,730:WARNING:C:\Users\krzys\OneDrive\Documents\Y Priv\1. od_zera_do_ai\modul_11\AUTO_EDA_FOR\app\pages\02_Automat_EDA.py:772: UserWarning: Parsing dates in DD/MM/YYYY format when dayfirst=False (the default) was specified. This may lead to inconsistently parsed dates! Specify a format to ensure consistent parsing.
  parsed = pd.to_datetime(sample, errors="coerce", utc=False)

2025-11-18 22:38:05,993:WARNING:C:\Users\krzys\OneDrive\Documents\Y Priv\1. od_zera_do_ai\modul_11\AUTO_EDA_FOR\app\pages\02_Automat_EDA.py:173: DtypeWarning: Columns (0) have mixed types. Specify dtype option on import or set low_memory=False.
  df = pd.read_csv(csv_path)

2025-11-18 22:44:58,416:WARNING:C:\Users\krzys\OneDrive\Documents\Y Priv\1. od_zera_do_ai\modul_11\AUTO_EDA_FOR\app\pages\02_Automat_EDA.py:449: UserWarning: Parsing dates in DD/MM/YYYY format when dayfirst=False (the default) was specified. This may lead to inconsistently parsed dates! Specify a format to ensure consistent parsing.
  parsed = pd.to_datetime(sample, errors="coerce", utc=False)

2025-11-18 22:44:58,554:WARNING:C:\Users\krzys\OneDrive\Documents\Y Priv\1. od_zera_do_ai\modul_11\AUTO_EDA_FOR\app\pages\02_Automat_EDA.py:537: UserWarning: Parsing dates in DD/MM/YYYY format when dayfirst=False (the default) was specified. This may lead to inconsistently parsed dates! Specify a format to ensure consistent parsing.
  parsed = pd.to_datetime(sample, errors="coerce", utc=False)

2025-11-18 23:54:47,090:WARNING:C:\Users\krzys\OneDrive\Documents\Y Priv\1. od_zera_do_ai\modul_11\AUTO_EDA_FOR\app\pages\02_Automat_EDA.py:449: UserWarning: Parsing dates in DD/MM/YYYY format when dayfirst=False (the default) was specified. This may lead to inconsistently parsed dates! Specify a format to ensure consistent parsing.
  parsed = pd.to_datetime(sample, errors="coerce", utc=False)

2025-11-18 23:54:47,259:WARNING:C:\Users\krzys\OneDrive\Documents\Y Priv\1. od_zera_do_ai\modul_11\AUTO_EDA_FOR\app\pages\02_Automat_EDA.py:537: UserWarning: Parsing dates in DD/MM/YYYY format when dayfirst=False (the default) was specified. This may lead to inconsistently parsed dates! Specify a format to ensure consistent parsing.
  parsed = pd.to_datetime(sample, errors="coerce", utc=False)

2025-11-19 00:07:05,483:WARNING:C:\Users\krzys\OneDrive\Documents\Y Priv\1. od_zera_do_ai\modul_11\AUTO_EDA_FOR\app\pages\02_Automat_EDA.py:449: UserWarning: Parsing dates in DD/MM/YYYY format when dayfirst=False (the default) was specified. This may lead to inconsistently parsed dates! Specify a format to ensure consistent parsing.
  parsed = pd.to_datetime(sample, errors="coerce", utc=False)

2025-11-19 00:07:05,617:WARNING:C:\Users\krzys\OneDrive\Documents\Y Priv\1. od_zera_do_ai\modul_11\AUTO_EDA_FOR\app\pages\02_Automat_EDA.py:537: UserWarning: Parsing dates in DD/MM/YYYY format when dayfirst=False (the default) was specified. This may lead to inconsistently parsed dates! Specify a format to ensure consistent parsing.
  parsed = pd.to_datetime(sample, errors="coerce", utc=False)

2025-11-19 01:17:11,309:WARNING:C:\Users\krzys\OneDrive\Documents\Y Priv\1. od_zera_do_ai\modul_11\AUTO_EDA_FOR\app\pages\02_Automat_EDA.py:449: UserWarning: Parsing dates in DD/MM/YYYY format when dayfirst=False (the default) was specified. This may lead to inconsistently parsed dates! Specify a format to ensure consistent parsing.
  parsed = pd.to_datetime(sample, errors="coerce", utc=False)

2025-11-19 01:17:11,442:WARNING:C:\Users\krzys\OneDrive\Documents\Y Priv\1. od_zera_do_ai\modul_11\AUTO_EDA_FOR\app\pages\02_Automat_EDA.py:537: UserWarning: Parsing dates in DD/MM/YYYY format when dayfirst=False (the default) was specified. This may lead to inconsistently parsed dates! Specify a format to ensure consistent parsing.
  parsed = pd.to_datetime(sample, errors="coerce", utc=False)

2025-11-19 01:19:10,152:WARNING:C:\Users\krzys\OneDrive\Documents\Y Priv\1. od_zera_do_ai\modul_11\AUTO_EDA_FOR\app\pages\02_Automat_EDA.py:449: UserWarning: Parsing dates in DD/MM/YYYY format when dayfirst=False (the default) was specified. This may lead to inconsistently parsed dates! Specify a format to ensure consistent parsing.
  parsed = pd.to_datetime(sample, errors="coerce", utc=False)

2025-11-19 01:19:10,293:WARNING:C:\Users\krzys\OneDrive\Documents\Y Priv\1. od_zera_do_ai\modul_11\AUTO_EDA_FOR\app\pages\02_Automat_EDA.py:537: UserWarning: Parsing dates in DD/MM/YYYY format when dayfirst=False (the default) was specified. This may lead to inconsistently parsed dates! Specify a format to ensure consistent parsing.
  parsed = pd.to_datetime(sample, errors="coerce", utc=False)

2025-11-19 01:21:49,426:WARNING:C:\Users\krzys\OneDrive\Documents\Y Priv\1. od_zera_do_ai\modul_11\AUTO_EDA_FOR\app\pages\02_Automat_EDA.py:449: UserWarning: Parsing dates in DD/MM/YYYY format when dayfirst=False (the default) was specified. This may lead to inconsistently parsed dates! Specify a format to ensure consistent parsing.
  parsed = pd.to_datetime(sample, errors="coerce", utc=False)

2025-11-19 01:21:49,565:WARNING:C:\Users\krzys\OneDrive\Documents\Y Priv\1. od_zera_do_ai\modul_11\AUTO_EDA_FOR\app\pages\02_Automat_EDA.py:537: UserWarning: Parsing dates in DD/MM/YYYY format when dayfirst=False (the default) was specified. This may lead to inconsistently parsed dates! Specify a format to ensure consistent parsing.
  parsed = pd.to_datetime(sample, errors="coerce", utc=False)

2025-11-19 10:34:36,953:WARNING:C:\Users\krzys\OneDrive\Documents\Y Priv\1. od_zera_do_ai\modul_11\AUTO_EDA_FOR\app\pages\02_Automat_EDA.py:173: DtypeWarning: Columns (0) have mixed types. Specify dtype option on import or set low_memory=False.
  df = pd.read_csv(csv_path)

2025-11-19 10:38:45,441:WARNING:C:\Users\krzys\OneDrive\Documents\Y Priv\1. od_zera_do_ai\modul_11\AUTO_EDA_FOR\app\pages\02_Automat_EDA.py:449: UserWarning: Parsing dates in DD/MM/YYYY format when dayfirst=False (the default) was specified. This may lead to inconsistently parsed dates! Specify a format to ensure consistent parsing.
  parsed = pd.to_datetime(sample, errors="coerce", utc=False)

2025-11-19 10:38:45,579:WARNING:C:\Users\krzys\OneDrive\Documents\Y Priv\1. od_zera_do_ai\modul_11\AUTO_EDA_FOR\app\pages\02_Automat_EDA.py:537: UserWarning: Parsing dates in DD/MM/YYYY format when dayfirst=False (the default) was specified. This may lead to inconsistently parsed dates! Specify a format to ensure consistent parsing.
  parsed = pd.to_datetime(sample, errors="coerce", utc=False)

2025-11-19 10:38:45,677:WARNING:C:\Users\krzys\OneDrive\Documents\Y Priv\1. od_zera_do_ai\modul_11\AUTO_EDA_FOR\app\pages\02_Automat_EDA.py:2347: UserWarning: Parsing dates in DD/MM/YYYY format when dayfirst=False (the default) was specified. This may lead to inconsistently parsed dates! Specify a format to ensure consistent parsing.
  t = pd.to_datetime(df[x_choice], errors="coerce")

2025-11-19 10:38:45,881:WARNING:C:\Users\krzys\OneDrive\Documents\Y Priv\1. od_zera_do_ai\modul_11\AUTO_EDA_FOR\app\pages\02_Automat_EDA.py:2372: UserWarning: Parsing dates in DD/MM/YYYY format when dayfirst=False (the default) was specified. This may lead to inconsistently parsed dates! Specify a format to ensure consistent parsing.
  t = pd.to_datetime(df[time_col], errors="coerce").dropna()

2025-11-19 10:55:32,561:WARNING:C:\Users\krzys\OneDrive\Documents\Y Priv\1. od_zera_do_ai\modul_11\AUTO_EDA_FOR\app\pages\02_Automat_EDA.py:173: DtypeWarning: Columns (0) have mixed types. Specify dtype option on import or set low_memory=False.
  df = pd.read_csv(csv_path)

2025-11-19 10:57:50,044:WARNING:C:\Users\krzys\OneDrive\Documents\Y Priv\1. od_zera_do_ai\modul_11\AUTO_EDA_FOR\app\pages\02_Automat_EDA.py:449: UserWarning: Parsing dates in DD/MM/YYYY format when dayfirst=False (the default) was specified. This may lead to inconsistently parsed dates! Specify a format to ensure consistent parsing.
  parsed = pd.to_datetime(sample, errors="coerce", utc=False)

2025-11-19 10:57:50,180:WARNING:C:\Users\krzys\OneDrive\Documents\Y Priv\1. od_zera_do_ai\modul_11\AUTO_EDA_FOR\app\pages\02_Automat_EDA.py:537: UserWarning: Parsing dates in DD/MM/YYYY format when dayfirst=False (the default) was specified. This may lead to inconsistently parsed dates! Specify a format to ensure consistent parsing.
  parsed = pd.to_datetime(sample, errors="coerce", utc=False)

2025-11-19 10:57:50,277:WARNING:C:\Users\krzys\OneDrive\Documents\Y Priv\1. od_zera_do_ai\modul_11\AUTO_EDA_FOR\app\pages\02_Automat_EDA.py:2347: UserWarning: Parsing dates in DD/MM/YYYY format when dayfirst=False (the default) was specified. This may lead to inconsistently parsed dates! Specify a format to ensure consistent parsing.
  t = pd.to_datetime(df[x_choice], errors="coerce")

2025-11-19 10:57:50,487:WARNING:C:\Users\krzys\OneDrive\Documents\Y Priv\1. od_zera_do_ai\modul_11\AUTO_EDA_FOR\app\pages\02_Automat_EDA.py:2372: UserWarning: Parsing dates in DD/MM/YYYY format when dayfirst=False (the default) was specified. This may lead to inconsistently parsed dates! Specify a format to ensure consistent parsing.
  t = pd.to_datetime(df[time_col], errors="coerce").dropna()

2025-11-19 11:18:35,890:WARNING:C:\Users\krzys\OneDrive\Documents\Y Priv\1. od_zera_do_ai\modul_11\AUTO_EDA_FOR\app\pages\02_Automat_EDA.py:449: UserWarning: Parsing dates in DD/MM/YYYY format when dayfirst=False (the default) was specified. This may lead to inconsistently parsed dates! Specify a format to ensure consistent parsing.
  parsed = pd.to_datetime(sample, errors="coerce", utc=False)

2025-11-19 11:18:36,038:WARNING:C:\Users\krzys\OneDrive\Documents\Y Priv\1. od_zera_do_ai\modul_11\AUTO_EDA_FOR\app\pages\02_Automat_EDA.py:537: UserWarning: Parsing dates in DD/MM/YYYY format when dayfirst=False (the default) was specified. This may lead to inconsistently parsed dates! Specify a format to ensure consistent parsing.
  parsed = pd.to_datetime(sample, errors="coerce", utc=False)

2025-11-19 11:18:36,124:WARNING:C:\Users\krzys\OneDrive\Documents\Y Priv\1. od_zera_do_ai\modul_11\AUTO_EDA_FOR\app\pages\02_Automat_EDA.py:2347: UserWarning: Parsing dates in DD/MM/YYYY format when dayfirst=False (the default) was specified. This may lead to inconsistently parsed dates! Specify a format to ensure consistent parsing.
  t = pd.to_datetime(df[x_choice], errors="coerce")

2025-11-19 11:18:36,333:WARNING:C:\Users\krzys\OneDrive\Documents\Y Priv\1. od_zera_do_ai\modul_11\AUTO_EDA_FOR\app\pages\02_Automat_EDA.py:2372: UserWarning: Parsing dates in DD/MM/YYYY format when dayfirst=False (the default) was specified. This may lead to inconsistently parsed dates! Specify a format to ensure consistent parsing.
  t = pd.to_datetime(df[time_col], errors="coerce").dropna()

2025-11-19 11:23:13,219:WARNING:C:\Users\krzys\OneDrive\Documents\Y Priv\1. od_zera_do_ai\modul_11\AUTO_EDA_FOR\app\pages\02_Automat_EDA.py:449: UserWarning: Parsing dates in DD/MM/YYYY format when dayfirst=False (the default) was specified. This may lead to inconsistently parsed dates! Specify a format to ensure consistent parsing.
  parsed = pd.to_datetime(sample, errors="coerce", utc=False)

2025-11-19 11:23:13,369:WARNING:C:\Users\krzys\OneDrive\Documents\Y Priv\1. od_zera_do_ai\modul_11\AUTO_EDA_FOR\app\pages\02_Automat_EDA.py:537: UserWarning: Parsing dates in DD/MM/YYYY format when dayfirst=False (the default) was specified. This may lead to inconsistently parsed dates! Specify a format to ensure consistent parsing.
  parsed = pd.to_datetime(sample, errors="coerce", utc=False)

2025-11-19 11:23:13,476:WARNING:C:\Users\krzys\OneDrive\Documents\Y Priv\1. od_zera_do_ai\modul_11\AUTO_EDA_FOR\app\pages\02_Automat_EDA.py:2347: UserWarning: Parsing dates in DD/MM/YYYY format when dayfirst=False (the default) was specified. This may lead to inconsistently parsed dates! Specify a format to ensure consistent parsing.
  t = pd.to_datetime(df[x_choice], errors="coerce")

2025-11-19 11:23:13,707:WARNING:C:\Users\krzys\OneDrive\Documents\Y Priv\1. od_zera_do_ai\modul_11\AUTO_EDA_FOR\app\pages\02_Automat_EDA.py:2372: UserWarning: Parsing dates in DD/MM/YYYY format when dayfirst=False (the default) was specified. This may lead to inconsistently parsed dates! Specify a format to ensure consistent parsing.
  t = pd.to_datetime(df[time_col], errors="coerce").dropna()

2025-11-19 11:33:41,671:WARNING:C:\Users\krzys\OneDrive\Documents\Y Priv\1. od_zera_do_ai\modul_11\AUTO_EDA_FOR\app\pages\02_Automat_EDA.py:449: UserWarning: Parsing dates in DD/MM/YYYY format when dayfirst=False (the default) was specified. This may lead to inconsistently parsed dates! Specify a format to ensure consistent parsing.
  parsed = pd.to_datetime(sample, errors="coerce", utc=False)

2025-11-19 11:33:41,831:WARNING:C:\Users\krzys\OneDrive\Documents\Y Priv\1. od_zera_do_ai\modul_11\AUTO_EDA_FOR\app\pages\02_Automat_EDA.py:537: UserWarning: Parsing dates in DD/MM/YYYY format when dayfirst=False (the default) was specified. This may lead to inconsistently parsed dates! Specify a format to ensure consistent parsing.
  parsed = pd.to_datetime(sample, errors="coerce", utc=False)

2025-11-19 11:33:41,937:WARNING:C:\Users\krzys\OneDrive\Documents\Y Priv\1. od_zera_do_ai\modul_11\AUTO_EDA_FOR\app\pages\02_Automat_EDA.py:2347: UserWarning: Parsing dates in DD/MM/YYYY format when dayfirst=False (the default) was specified. This may lead to inconsistently parsed dates! Specify a format to ensure consistent parsing.
  t = pd.to_datetime(df[x_choice], errors="coerce")

2025-11-19 11:33:42,150:WARNING:C:\Users\krzys\OneDrive\Documents\Y Priv\1. od_zera_do_ai\modul_11\AUTO_EDA_FOR\app\pages\02_Automat_EDA.py:2372: UserWarning: Parsing dates in DD/MM/YYYY format when dayfirst=False (the default) was specified. This may lead to inconsistently parsed dates! Specify a format to ensure consistent parsing.
  t = pd.to_datetime(df[time_col], errors="coerce").dropna()

2025-11-19 11:34:23,737:WARNING:C:\Users\krzys\OneDrive\Documents\Y Priv\1. od_zera_do_ai\modul_11\AUTO_EDA_FOR\app\pages\02_Automat_EDA.py:449: UserWarning: Parsing dates in DD/MM/YYYY format when dayfirst=False (the default) was specified. This may lead to inconsistently parsed dates! Specify a format to ensure consistent parsing.
  parsed = pd.to_datetime(sample, errors="coerce", utc=False)

2025-11-19 11:34:23,896:WARNING:C:\Users\krzys\OneDrive\Documents\Y Priv\1. od_zera_do_ai\modul_11\AUTO_EDA_FOR\app\pages\02_Automat_EDA.py:537: UserWarning: Parsing dates in DD/MM/YYYY format when dayfirst=False (the default) was specified. This may lead to inconsistently parsed dates! Specify a format to ensure consistent parsing.
  parsed = pd.to_datetime(sample, errors="coerce", utc=False)

2025-11-19 11:34:24,011:WARNING:C:\Users\krzys\OneDrive\Documents\Y Priv\1. od_zera_do_ai\modul_11\AUTO_EDA_FOR\app\pages\02_Automat_EDA.py:2347: UserWarning: Parsing dates in DD/MM/YYYY format when dayfirst=False (the default) was specified. This may lead to inconsistently parsed dates! Specify a format to ensure consistent parsing.
  t = pd.to_datetime(df[x_choice], errors="coerce")

2025-11-19 11:34:24,228:WARNING:C:\Users\krzys\OneDrive\Documents\Y Priv\1. od_zera_do_ai\modul_11\AUTO_EDA_FOR\app\pages\02_Automat_EDA.py:2372: UserWarning: Parsing dates in DD/MM/YYYY format when dayfirst=False (the default) was specified. This may lead to inconsistently parsed dates! Specify a format to ensure consistent parsing.
  t = pd.to_datetime(df[time_col], errors="coerce").dropna()

2025-11-19 18:13:58,020:WARNING:C:\Users\krzys\OneDrive\Documents\Y Priv\1. od_zera_do_ai\modul_11\AUTO_EDA_FOR\app\pages\02_Automat_EDA.py:350: DtypeWarning: Columns (0) have mixed types. Specify dtype option on import or set low_memory=False.
  df = pd.read_csv(csv_path)

2025-11-19 18:20:30,479:WARNING:C:\Users\krzys\OneDrive\Documents\Y Priv\1. od_zera_do_ai\modul_11\AUTO_EDA_FOR\app\pages\02_Automat_EDA.py:350: DtypeWarning: Columns (0) have mixed types. Specify dtype option on import or set low_memory=False.
  df = pd.read_csv(csv_path)

2025-11-19 18:20:41,361:WARNING:C:\Users\krzys\OneDrive\Documents\Y Priv\1. od_zera_do_ai\modul_11\AUTO_EDA_FOR\app\pages\02_Automat_EDA.py:350: DtypeWarning: Columns (0) have mixed types. Specify dtype option on import or set low_memory=False.
  df = pd.read_csv(csv_path)

2025-11-19 18:31:47,560:WARNING:C:\Users\krzys\OneDrive\Documents\Y Priv\1. od_zera_do_ai\modul_11\AUTO_EDA_FOR\app\pages\02_Automat_EDA.py:350: DtypeWarning: Columns (0) have mixed types. Specify dtype option on import or set low_memory=False.
  df = pd.read_csv(csv_path)

2025-11-19 18:36:20,326:WARNING:C:\Users\krzys\OneDrive\Documents\Y Priv\1. od_zera_do_ai\modul_11\AUTO_EDA_FOR\app\pages\02_Automat_EDA.py:350: DtypeWarning: Columns (0) have mixed types. Specify dtype option on import or set low_memory=False.
  df = pd.read_csv(csv_path)

2025-11-19 18:36:22,060:WARNING:C:\Users\krzys\OneDrive\Documents\Y Priv\1. od_zera_do_ai\modul_11\AUTO_EDA_FOR\app\pages\02_Automat_EDA.py:350: DtypeWarning: Columns (0) have mixed types. Specify dtype option on import or set low_memory=False.
  df = pd.read_csv(csv_path)

2025-11-24 09:30:18,787:WARNING:C:\Users\krzys\OneDrive\Documents\Y Priv\1. od_zera_do_ai\modul_11\AUTO_EDA_FOR\app\pages\02_Automat_EDA.py:505: UserWarning: Parsing dates in DD/MM/YYYY format when dayfirst=False (the default) was specified. This may lead to inconsistently parsed dates! Specify a format to ensure consistent parsing.
  parsed = pd.to_datetime(sample, errors="coerce", utc=False)

2025-11-24 09:30:18,929:WARNING:C:\Users\krzys\OneDrive\Documents\Y Priv\1. od_zera_do_ai\modul_11\AUTO_EDA_FOR\app\pages\02_Automat_EDA.py:593: UserWarning: Parsing dates in DD/MM/YYYY format when dayfirst=False (the default) was specified. This may lead to inconsistently parsed dates! Specify a format to ensure consistent parsing.
  parsed = pd.to_datetime(sample, errors="coerce", utc=False)

2025-11-24 09:30:19,036:WARNING:C:\Users\krzys\OneDrive\Documents\Y Priv\1. od_zera_do_ai\modul_11\AUTO_EDA_FOR\app\pages\02_Automat_EDA.py:2429: UserWarning: Parsing dates in DD/MM/YYYY format when dayfirst=False (the default) was specified. This may lead to inconsistently parsed dates! Specify a format to ensure consistent parsing.
  t = pd.to_datetime(df[x_choice], errors="coerce")

2025-11-24 09:30:19,272:WARNING:C:\Users\krzys\OneDrive\Documents\Y Priv\1. od_zera_do_ai\modul_11\AUTO_EDA_FOR\app\pages\02_Automat_EDA.py:2565: UserWarning: Parsing dates in DD/MM/YYYY format when dayfirst=False (the default) was specified. This may lead to inconsistently parsed dates! Specify a format to ensure consistent parsing.
  t = pd.to_datetime(df[time_col], errors="coerce").dropna()

2025-11-24 11:28:42,650:WARNING:C:\Users\krzys\OneDrive\Documents\Y Priv\1. od_zera_do_ai\modul_11\AUTO_EDA_FOR\app\pages\02_Automat_EDA.py:351: DtypeWarning: Columns (0) have mixed types. Specify dtype option on import or set low_memory=False.
  df = pd.read_csv(csv_path)

2025-11-24 11:38:52,673:WARNING:C:\Users\krzys\OneDrive\Documents\Y Priv\1. od_zera_do_ai\modul_11\AUTO_EDA_FOR\app\pages\02_Automat_EDA.py:509: UserWarning: Parsing dates in DD/MM/YYYY format when dayfirst=False (the default) was specified. This may lead to inconsistently parsed dates! Specify a format to ensure consistent parsing.
  parsed = pd.to_datetime(sample, errors="coerce", utc=False)

2025-11-24 11:38:52,819:WARNING:C:\Users\krzys\OneDrive\Documents\Y Priv\1. od_zera_do_ai\modul_11\AUTO_EDA_FOR\app\pages\02_Automat_EDA.py:597: UserWarning: Parsing dates in DD/MM/YYYY format when dayfirst=False (the default) was specified. This may lead to inconsistently parsed dates! Specify a format to ensure consistent parsing.
  parsed = pd.to_datetime(sample, errors="coerce", utc=False)

2025-11-24 11:38:52,930:WARNING:C:\Users\krzys\OneDrive\Documents\Y Priv\1. od_zera_do_ai\modul_11\AUTO_EDA_FOR\app\pages\02_Automat_EDA.py:2433: UserWarning: Parsing dates in DD/MM/YYYY format when dayfirst=False (the default) was specified. This may lead to inconsistently parsed dates! Specify a format to ensure consistent parsing.
  t = pd.to_datetime(df[x_choice], errors="coerce")

2025-11-24 11:38:53,161:WARNING:C:\Users\krzys\OneDrive\Documents\Y Priv\1. od_zera_do_ai\modul_11\AUTO_EDA_FOR\app\pages\02_Automat_EDA.py:2569: UserWarning: Parsing dates in DD/MM/YYYY format when dayfirst=False (the default) was specified. This may lead to inconsistently parsed dates! Specify a format to ensure consistent parsing.
  t = pd.to_datetime(df[time_col], errors="coerce").dropna()

2025-11-24 12:07:20,673:WARNING:C:\Users\krzys\OneDrive\Documents\Y Priv\1. od_zera_do_ai\modul_11\AUTO_EDA_FOR\app\pages\02_Automat_EDA.py:351: DtypeWarning: Columns (0) have mixed types. Specify dtype option on import or set low_memory=False.
  df = pd.read_csv(csv_path)

2025-11-24 12:10:42,439:WARNING:C:\Users\krzys\OneDrive\Documents\Y Priv\1. od_zera_do_ai\modul_11\AUTO_EDA_FOR\app\pages\02_Automat_EDA.py:514: UserWarning: Parsing dates in DD/MM/YYYY format when dayfirst=False (the default) was specified. This may lead to inconsistently parsed dates! Specify a format to ensure consistent parsing.
  parsed = pd.to_datetime(sample, errors="coerce", utc=False)

2025-11-24 12:10:42,579:WARNING:C:\Users\krzys\OneDrive\Documents\Y Priv\1. od_zera_do_ai\modul_11\AUTO_EDA_FOR\app\pages\02_Automat_EDA.py:602: UserWarning: Parsing dates in DD/MM/YYYY format when dayfirst=False (the default) was specified. This may lead to inconsistently parsed dates! Specify a format to ensure consistent parsing.
  parsed = pd.to_datetime(sample, errors="coerce", utc=False)

2025-11-24 12:10:42,682:WARNING:C:\Users\krzys\OneDrive\Documents\Y Priv\1. od_zera_do_ai\modul_11\AUTO_EDA_FOR\app\pages\02_Automat_EDA.py:2438: UserWarning: Parsing dates in DD/MM/YYYY format when dayfirst=False (the default) was specified. This may lead to inconsistently parsed dates! Specify a format to ensure consistent parsing.
  t = pd.to_datetime(df[x_choice], errors="coerce")

2025-11-24 12:10:42,910:WARNING:C:\Users\krzys\OneDrive\Documents\Y Priv\1. od_zera_do_ai\modul_11\AUTO_EDA_FOR\app\pages\02_Automat_EDA.py:2574: UserWarning: Parsing dates in DD/MM/YYYY format when dayfirst=False (the default) was specified. This may lead to inconsistently parsed dates! Specify a format to ensure consistent parsing.
  t = pd.to_datetime(df[time_col], errors="coerce").dropna()

2025-11-24 12:11:56,979:WARNING:C:\Users\krzys\OneDrive\Documents\Y Priv\1. od_zera_do_ai\modul_11\AUTO_EDA_FOR\app\pages\02_Automat_EDA.py:351: DtypeWarning: Columns (0) have mixed types. Specify dtype option on import or set low_memory=False.
  df = pd.read_csv(csv_path)

2025-11-24 12:24:23,300:WARNING:C:\Users\krzys\OneDrive\Documents\Y Priv\1. od_zera_do_ai\modul_11\AUTO_EDA_FOR\app\pages\02_Automat_EDA.py:351: DtypeWarning: Columns (0) have mixed types. Specify dtype option on import or set low_memory=False.
  df = pd.read_csv(csv_path)

2025-11-24 12:25:03,551:WARNING:C:\Users\krzys\OneDrive\Documents\Y Priv\1. od_zera_do_ai\modul_11\AUTO_EDA_FOR\app\pages\02_Automat_EDA.py:351: DtypeWarning: Columns (0) have mixed types. Specify dtype option on import or set low_memory=False.
  df = pd.read_csv(csv_path)

2025-11-24 12:25:19,646:WARNING:C:\Users\krzys\OneDrive\Documents\Y Priv\1. od_zera_do_ai\modul_11\AUTO_EDA_FOR\app\pages\02_Automat_EDA.py:351: DtypeWarning: Columns (0) have mixed types. Specify dtype option on import or set low_memory=False.
  df = pd.read_csv(csv_path)

2025-11-24 12:26:20,917:WARNING:C:\Users\krzys\OneDrive\Documents\Y Priv\1. od_zera_do_ai\modul_11\AUTO_EDA_FOR\app\pages\02_Automat_EDA.py:351: DtypeWarning: Columns (0) have mixed types. Specify dtype option on import or set low_memory=False.
  df = pd.read_csv(csv_path)

2025-11-24 12:26:37,148:WARNING:C:\Users\krzys\OneDrive\Documents\Y Priv\1. od_zera_do_ai\modul_11\AUTO_EDA_FOR\app\pages\02_Automat_EDA.py:351: DtypeWarning: Columns (0) have mixed types. Specify dtype option on import or set low_memory=False.
  df = pd.read_csv(csv_path)

2025-11-24 12:26:47,952:WARNING:C:\Users\krzys\OneDrive\Documents\Y Priv\1. od_zera_do_ai\modul_11\AUTO_EDA_FOR\app\pages\02_Automat_EDA.py:351: DtypeWarning: Columns (0) have mixed types. Specify dtype option on import or set low_memory=False.
  df = pd.read_csv(csv_path)

2025-11-24 12:27:10,341:WARNING:C:\Users\krzys\OneDrive\Documents\Y Priv\1. od_zera_do_ai\modul_11\AUTO_EDA_FOR\app\pages\02_Automat_EDA.py:351: DtypeWarning: Columns (0) have mixed types. Specify dtype option on import or set low_memory=False.
  df = pd.read_csv(csv_path)

2025-11-24 12:27:27,913:WARNING:C:\Users\krzys\OneDrive\Documents\Y Priv\1. od_zera_do_ai\modul_11\AUTO_EDA_FOR\app\pages\02_Automat_EDA.py:351: DtypeWarning: Columns (0) have mixed types. Specify dtype option on import or set low_memory=False.
  df = pd.read_csv(csv_path)

2025-11-24 12:28:12,051:WARNING:C:\Users\krzys\OneDrive\Documents\Y Priv\1. od_zera_do_ai\modul_11\AUTO_EDA_FOR\app\pages\02_Automat_EDA.py:351: DtypeWarning: Columns (0) have mixed types. Specify dtype option on import or set low_memory=False.
  df = pd.read_csv(csv_path)

2025-11-24 12:28:31,802:WARNING:C:\Users\krzys\OneDrive\Documents\Y Priv\1. od_zera_do_ai\modul_11\AUTO_EDA_FOR\app\pages\02_Automat_EDA.py:351: DtypeWarning: Columns (0) have mixed types. Specify dtype option on import or set low_memory=False.
  df = pd.read_csv(csv_path)

2025-11-24 12:28:59,959:WARNING:C:\Users\krzys\OneDrive\Documents\Y Priv\1. od_zera_do_ai\modul_11\AUTO_EDA_FOR\app\pages\02_Automat_EDA.py:351: DtypeWarning: Columns (0) have mixed types. Specify dtype option on import or set low_memory=False.
  df = pd.read_csv(csv_path)

2025-11-24 12:29:16,961:WARNING:C:\Users\krzys\OneDrive\Documents\Y Priv\1. od_zera_do_ai\modul_11\AUTO_EDA_FOR\app\pages\02_Automat_EDA.py:351: DtypeWarning: Columns (0) have mixed types. Specify dtype option on import or set low_memory=False.
  df = pd.read_csv(csv_path)

2025-11-24 12:29:38,887:WARNING:C:\Users\krzys\OneDrive\Documents\Y Priv\1. od_zera_do_ai\modul_11\AUTO_EDA_FOR\app\pages\02_Automat_EDA.py:351: DtypeWarning: Columns (0) have mixed types. Specify dtype option on import or set low_memory=False.
  df = pd.read_csv(csv_path)

2025-11-24 12:30:14,890:WARNING:C:\Users\krzys\OneDrive\Documents\Y Priv\1. od_zera_do_ai\modul_11\AUTO_EDA_FOR\app\pages\02_Automat_EDA.py:351: DtypeWarning: Columns (0) have mixed types. Specify dtype option on import or set low_memory=False.
  df = pd.read_csv(csv_path)

2025-11-24 12:30:18,482:WARNING:C:\Users\krzys\OneDrive\Documents\Y Priv\1. od_zera_do_ai\modul_11\AUTO_EDA_FOR\app\pages\02_Automat_EDA.py:351: DtypeWarning: Columns (0) have mixed types. Specify dtype option on import or set low_memory=False.
  df = pd.read_csv(csv_path)

2025-11-24 12:30:20,349:WARNING:C:\Users\krzys\OneDrive\Documents\Y Priv\1. od_zera_do_ai\modul_11\AUTO_EDA_FOR\app\pages\02_Automat_EDA.py:351: DtypeWarning: Columns (0) have mixed types. Specify dtype option on import or set low_memory=False.
  df = pd.read_csv(csv_path)

2025-11-24 12:31:18,085:WARNING:C:\Users\krzys\OneDrive\Documents\Y Priv\1. od_zera_do_ai\modul_11\AUTO_EDA_FOR\app\pages\02_Automat_EDA.py:351: DtypeWarning: Columns (0) have mixed types. Specify dtype option on import or set low_memory=False.
  df = pd.read_csv(csv_path)

2025-11-24 12:32:05,128:WARNING:C:\Users\krzys\OneDrive\Documents\Y Priv\1. od_zera_do_ai\modul_11\AUTO_EDA_FOR\app\pages\02_Automat_EDA.py:351: DtypeWarning: Columns (0) have mixed types. Specify dtype option on import or set low_memory=False.
  df = pd.read_csv(csv_path)

2025-11-24 12:32:28,970:WARNING:C:\Users\krzys\OneDrive\Documents\Y Priv\1. od_zera_do_ai\modul_11\AUTO_EDA_FOR\app\pages\02_Automat_EDA.py:351: DtypeWarning: Columns (0) have mixed types. Specify dtype option on import or set low_memory=False.
  df = pd.read_csv(csv_path)

2025-11-24 12:34:23,351:WARNING:C:\Users\krzys\OneDrive\Documents\Y Priv\1. od_zera_do_ai\modul_11\AUTO_EDA_FOR\app\pages\02_Automat_EDA.py:351: DtypeWarning: Columns (0) have mixed types. Specify dtype option on import or set low_memory=False.
  df = pd.read_csv(csv_path)

2025-11-24 12:34:31,721:WARNING:C:\Users\krzys\OneDrive\Documents\Y Priv\1. od_zera_do_ai\modul_11\AUTO_EDA_FOR\app\pages\02_Automat_EDA.py:351: DtypeWarning: Columns (0) have mixed types. Specify dtype option on import or set low_memory=False.
  df = pd.read_csv(csv_path)

2025-11-24 12:37:00,878:WARNING:C:\Users\krzys\OneDrive\Documents\Y Priv\1. od_zera_do_ai\modul_11\AUTO_EDA_FOR\app\pages\02_Automat_EDA.py:351: DtypeWarning: Columns (0) have mixed types. Specify dtype option on import or set low_memory=False.
  df = pd.read_csv(csv_path)

2025-11-24 12:39:20,705:WARNING:C:\Users\krzys\OneDrive\Documents\Y Priv\1. od_zera_do_ai\modul_11\AUTO_EDA_FOR\app\pages\02_Automat_EDA.py:351: DtypeWarning: Columns (0) have mixed types. Specify dtype option on import or set low_memory=False.
  df = pd.read_csv(csv_path)

2025-11-24 12:58:05,844:WARNING:C:\Users\krzys\OneDrive\Documents\Y Priv\1. od_zera_do_ai\modul_11\AUTO_EDA_FOR\app\pages\02_Automat_EDA.py:351: DtypeWarning: Columns (0) have mixed types. Specify dtype option on import or set low_memory=False.
  df = pd.read_csv(csv_path)

2025-11-24 12:58:10,484:WARNING:C:\Users\krzys\OneDrive\Documents\Y Priv\1. od_zera_do_ai\modul_11\AUTO_EDA_FOR\app\pages\02_Automat_EDA.py:351: DtypeWarning: Columns (0) have mixed types. Specify dtype option on import or set low_memory=False.
  df = pd.read_csv(csv_path)

2025-11-24 13:21:42,090:WARNING:C:\Users\krzys\OneDrive\Documents\Y Priv\1. od_zera_do_ai\modul_11\AUTO_EDA_FOR\app\pages\02_Automat_EDA.py:351: DtypeWarning: Columns (0) have mixed types. Specify dtype option on import or set low_memory=False.
  df = pd.read_csv(csv_path)

2025-11-24 13:21:49,544:WARNING:C:\Users\krzys\OneDrive\Documents\Y Priv\1. od_zera_do_ai\modul_11\AUTO_EDA_FOR\app\pages\02_Automat_EDA.py:351: DtypeWarning: Columns (0) have mixed types. Specify dtype option on import or set low_memory=False.
  df = pd.read_csv(csv_path)

2025-11-24 13:23:46,562:WARNING:C:\Users\krzys\OneDrive\Documents\Y Priv\1. od_zera_do_ai\modul_11\AUTO_EDA_FOR\app\pages\02_Automat_EDA.py:351: DtypeWarning: Columns (0) have mixed types. Specify dtype option on import or set low_memory=False.
  df = pd.read_csv(csv_path)

2025-11-24 13:24:51,241:WARNING:C:\Users\krzys\OneDrive\Documents\Y Priv\1. od_zera_do_ai\modul_11\AUTO_EDA_FOR\app\pages\02_Automat_EDA.py:351: DtypeWarning: Columns (0) have mixed types. Specify dtype option on import or set low_memory=False.
  df = pd.read_csv(csv_path)

2025-11-24 13:25:00,527:WARNING:C:\Users\krzys\OneDrive\Documents\Y Priv\1. od_zera_do_ai\modul_11\AUTO_EDA_FOR\app\pages\02_Automat_EDA.py:351: DtypeWarning: Columns (0) have mixed types. Specify dtype option on import or set low_memory=False.
  df = pd.read_csv(csv_path)

2025-11-24 13:25:16,335:WARNING:C:\Users\krzys\OneDrive\Documents\Y Priv\1. od_zera_do_ai\modul_11\AUTO_EDA_FOR\app\pages\02_Automat_EDA.py:351: DtypeWarning: Columns (0) have mixed types. Specify dtype option on import or set low_memory=False.
  df = pd.read_csv(csv_path)

2025-11-24 13:25:26,716:WARNING:C:\Users\krzys\OneDrive\Documents\Y Priv\1. od_zera_do_ai\modul_11\AUTO_EDA_FOR\app\pages\02_Automat_EDA.py:351: DtypeWarning: Columns (0) have mixed types. Specify dtype option on import or set low_memory=False.
  df = pd.read_csv(csv_path)

2025-11-24 13:25:30,827:WARNING:C:\Users\krzys\OneDrive\Documents\Y Priv\1. od_zera_do_ai\modul_11\AUTO_EDA_FOR\app\pages\02_Automat_EDA.py:351: DtypeWarning: Columns (0) have mixed types. Specify dtype option on import or set low_memory=False.
  df = pd.read_csv(csv_path)

2025-11-24 13:25:34,004:WARNING:C:\Users\krzys\OneDrive\Documents\Y Priv\1. od_zera_do_ai\modul_11\AUTO_EDA_FOR\app\pages\02_Automat_EDA.py:351: DtypeWarning: Columns (0) have mixed types. Specify dtype option on import or set low_memory=False.
  df = pd.read_csv(csv_path)

2025-11-24 13:25:52,278:WARNING:C:\Users\krzys\OneDrive\Documents\Y Priv\1. od_zera_do_ai\modul_11\AUTO_EDA_FOR\app\pages\02_Automat_EDA.py:351: DtypeWarning: Columns (0) have mixed types. Specify dtype option on import or set low_memory=False.
  df = pd.read_csv(csv_path)

2025-11-24 13:26:32,036:WARNING:C:\Users\krzys\OneDrive\Documents\Y Priv\1. od_zera_do_ai\modul_11\AUTO_EDA_FOR\app\pages\02_Automat_EDA.py:351: DtypeWarning: Columns (0) have mixed types. Specify dtype option on import or set low_memory=False.
  df = pd.read_csv(csv_path)

2025-11-24 13:26:41,316:WARNING:C:\Users\krzys\OneDrive\Documents\Y Priv\1. od_zera_do_ai\modul_11\AUTO_EDA_FOR\app\pages\02_Automat_EDA.py:351: DtypeWarning: Columns (0) have mixed types. Specify dtype option on import or set low_memory=False.
  df = pd.read_csv(csv_path)

2025-11-24 13:27:05,967:WARNING:C:\Users\krzys\OneDrive\Documents\Y Priv\1. od_zera_do_ai\modul_11\AUTO_EDA_FOR\app\pages\02_Automat_EDA.py:351: DtypeWarning: Columns (0) have mixed types. Specify dtype option on import or set low_memory=False.
  df = pd.read_csv(csv_path)

2025-11-24 13:27:21,020:WARNING:C:\Users\krzys\OneDrive\Documents\Y Priv\1. od_zera_do_ai\modul_11\AUTO_EDA_FOR\app\pages\02_Automat_EDA.py:351: DtypeWarning: Columns (0) have mixed types. Specify dtype option on import or set low_memory=False.
  df = pd.read_csv(csv_path)

2025-11-24 13:27:39,077:WARNING:C:\Users\krzys\OneDrive\Documents\Y Priv\1. od_zera_do_ai\modul_11\AUTO_EDA_FOR\app\pages\02_Automat_EDA.py:351: DtypeWarning: Columns (0) have mixed types. Specify dtype option on import or set low_memory=False.
  df = pd.read_csv(csv_path)

2025-11-24 13:27:42,674:WARNING:C:\Users\krzys\OneDrive\Documents\Y Priv\1. od_zera_do_ai\modul_11\AUTO_EDA_FOR\app\pages\02_Automat_EDA.py:351: DtypeWarning: Columns (0) have mixed types. Specify dtype option on import or set low_memory=False.
  df = pd.read_csv(csv_path)

2025-11-24 13:27:44,554:WARNING:C:\Users\krzys\OneDrive\Documents\Y Priv\1. od_zera_do_ai\modul_11\AUTO_EDA_FOR\app\pages\02_Automat_EDA.py:351: DtypeWarning: Columns (0) have mixed types. Specify dtype option on import or set low_memory=False.
  df = pd.read_csv(csv_path)

2025-11-24 13:27:47,758:WARNING:C:\Users\krzys\OneDrive\Documents\Y Priv\1. od_zera_do_ai\modul_11\AUTO_EDA_FOR\app\pages\02_Automat_EDA.py:351: DtypeWarning: Columns (0) have mixed types. Specify dtype option on import or set low_memory=False.
  df = pd.read_csv(csv_path)

2025-11-24 13:27:57,114:WARNING:C:\Users\krzys\OneDrive\Documents\Y Priv\1. od_zera_do_ai\modul_11\AUTO_EDA_FOR\app\pages\02_Automat_EDA.py:351: DtypeWarning: Columns (0) have mixed types. Specify dtype option on import or set low_memory=False.
  df = pd.read_csv(csv_path)

2025-11-24 13:28:21,397:WARNING:C:\Users\krzys\OneDrive\Documents\Y Priv\1. od_zera_do_ai\modul_11\AUTO_EDA_FOR\app\pages\02_Automat_EDA.py:351: DtypeWarning: Columns (0) have mixed types. Specify dtype option on import or set low_memory=False.
  df = pd.read_csv(csv_path)

2025-11-24 13:28:33,212:WARNING:C:\Users\krzys\OneDrive\Documents\Y Priv\1. od_zera_do_ai\modul_11\AUTO_EDA_FOR\app\pages\02_Automat_EDA.py:351: DtypeWarning: Columns (0) have mixed types. Specify dtype option on import or set low_memory=False.
  df = pd.read_csv(csv_path)

2025-11-24 13:28:40,748:WARNING:C:\Users\krzys\OneDrive\Documents\Y Priv\1. od_zera_do_ai\modul_11\AUTO_EDA_FOR\app\pages\02_Automat_EDA.py:351: DtypeWarning: Columns (0) have mixed types. Specify dtype option on import or set low_memory=False.
  df = pd.read_csv(csv_path)

2025-11-24 13:28:50,529:WARNING:C:\Users\krzys\OneDrive\Documents\Y Priv\1. od_zera_do_ai\modul_11\AUTO_EDA_FOR\app\pages\02_Automat_EDA.py:351: DtypeWarning: Columns (0) have mixed types. Specify dtype option on import or set low_memory=False.
  df = pd.read_csv(csv_path)

2025-11-24 13:29:11,324:WARNING:C:\Users\krzys\OneDrive\Documents\Y Priv\1. od_zera_do_ai\modul_11\AUTO_EDA_FOR\app\pages\02_Automat_EDA.py:351: DtypeWarning: Columns (0) have mixed types. Specify dtype option on import or set low_memory=False.
  df = pd.read_csv(csv_path)

2025-11-24 13:38:34,263:WARNING:C:\Users\krzys\OneDrive\Documents\Y Priv\1. od_zera_do_ai\modul_11\AUTO_EDA_FOR\app\pages\02_Automat_EDA.py:514: UserWarning: Parsing dates in DD/MM/YYYY format when dayfirst=False (the default) was specified. This may lead to inconsistently parsed dates! Specify a format to ensure consistent parsing.
  parsed = pd.to_datetime(sample, errors="coerce", utc=False)

2025-11-24 13:38:34,399:WARNING:C:\Users\krzys\OneDrive\Documents\Y Priv\1. od_zera_do_ai\modul_11\AUTO_EDA_FOR\app\pages\02_Automat_EDA.py:602: UserWarning: Parsing dates in DD/MM/YYYY format when dayfirst=False (the default) was specified. This may lead to inconsistently parsed dates! Specify a format to ensure consistent parsing.
  parsed = pd.to_datetime(sample, errors="coerce", utc=False)

2025-11-24 13:38:34,536:WARNING:C:\Users\krzys\OneDrive\Documents\Y Priv\1. od_zera_do_ai\modul_11\AUTO_EDA_FOR\app\pages\02_Automat_EDA.py:2438: UserWarning: Parsing dates in DD/MM/YYYY format when dayfirst=False (the default) was specified. This may lead to inconsistently parsed dates! Specify a format to ensure consistent parsing.
  t = pd.to_datetime(df[x_choice], errors="coerce")

2025-11-24 13:38:34,795:WARNING:C:\Users\krzys\OneDrive\Documents\Y Priv\1. od_zera_do_ai\modul_11\AUTO_EDA_FOR\app\pages\02_Automat_EDA.py:2574: UserWarning: Parsing dates in DD/MM/YYYY format when dayfirst=False (the default) was specified. This may lead to inconsistently parsed dates! Specify a format to ensure consistent parsing.
  t = pd.to_datetime(df[time_col], errors="coerce").dropna()

2025-11-24 13:38:55,410:WARNING:C:\Users\krzys\OneDrive\Documents\Y Priv\1. od_zera_do_ai\modul_11\AUTO_EDA_FOR\app\pages\02_Automat_EDA.py:514: UserWarning: Parsing dates in DD/MM/YYYY format when dayfirst=False (the default) was specified. This may lead to inconsistently parsed dates! Specify a format to ensure consistent parsing.
  parsed = pd.to_datetime(sample, errors="coerce", utc=False)

2025-11-24 13:38:55,563:WARNING:C:\Users\krzys\OneDrive\Documents\Y Priv\1. od_zera_do_ai\modul_11\AUTO_EDA_FOR\app\pages\02_Automat_EDA.py:602: UserWarning: Parsing dates in DD/MM/YYYY format when dayfirst=False (the default) was specified. This may lead to inconsistently parsed dates! Specify a format to ensure consistent parsing.
  parsed = pd.to_datetime(sample, errors="coerce", utc=False)

2025-11-24 13:38:55,678:WARNING:C:\Users\krzys\OneDrive\Documents\Y Priv\1. od_zera_do_ai\modul_11\AUTO_EDA_FOR\app\pages\02_Automat_EDA.py:2438: UserWarning: Parsing dates in DD/MM/YYYY format when dayfirst=False (the default) was specified. This may lead to inconsistently parsed dates! Specify a format to ensure consistent parsing.
  t = pd.to_datetime(df[x_choice], errors="coerce")

2025-11-24 13:38:55,911:WARNING:C:\Users\krzys\OneDrive\Documents\Y Priv\1. od_zera_do_ai\modul_11\AUTO_EDA_FOR\app\pages\02_Automat_EDA.py:2574: UserWarning: Parsing dates in DD/MM/YYYY format when dayfirst=False (the default) was specified. This may lead to inconsistently parsed dates! Specify a format to ensure consistent parsing.
  t = pd.to_datetime(df[time_col], errors="coerce").dropna()

2025-11-24 13:38:56,294:WARNING:C:\Users\krzys\OneDrive\Documents\Y Priv\1. od_zera_do_ai\modul_11\AUTO_EDA_FOR\app\pages\02_Automat_EDA.py:3914: UserWarning: Parsing dates in DD/MM/YYYY format when dayfirst=False (the default) was specified. This may lead to inconsistently parsed dates! Specify a format to ensure consistent parsing.
  ts_df[x_choice] = pd.to_datetime(ts_df[x_choice], errors="coerce")

2025-11-24 13:39:24,646:WARNING:C:\Users\krzys\OneDrive\Documents\Y Priv\1. od_zera_do_ai\modul_11\AUTO_EDA_FOR\app\pages\02_Automat_EDA.py:514: UserWarning: Parsing dates in DD/MM/YYYY format when dayfirst=False (the default) was specified. This may lead to inconsistently parsed dates! Specify a format to ensure consistent parsing.
  parsed = pd.to_datetime(sample, errors="coerce", utc=False)

2025-11-24 13:39:24,877:WARNING:C:\Users\krzys\OneDrive\Documents\Y Priv\1. od_zera_do_ai\modul_11\AUTO_EDA_FOR\app\pages\02_Automat_EDA.py:602: UserWarning: Parsing dates in DD/MM/YYYY format when dayfirst=False (the default) was specified. This may lead to inconsistently parsed dates! Specify a format to ensure consistent parsing.
  parsed = pd.to_datetime(sample, errors="coerce", utc=False)

2025-11-24 13:39:25,012:WARNING:C:\Users\krzys\OneDrive\Documents\Y Priv\1. od_zera_do_ai\modul_11\AUTO_EDA_FOR\app\pages\02_Automat_EDA.py:2438: UserWarning: Parsing dates in DD/MM/YYYY format when dayfirst=False (the default) was specified. This may lead to inconsistently parsed dates! Specify a format to ensure consistent parsing.
  t = pd.to_datetime(df[x_choice], errors="coerce")

2025-11-24 13:39:25,257:WARNING:C:\Users\krzys\OneDrive\Documents\Y Priv\1. od_zera_do_ai\modul_11\AUTO_EDA_FOR\app\pages\02_Automat_EDA.py:2574: UserWarning: Parsing dates in DD/MM/YYYY format when dayfirst=False (the default) was specified. This may lead to inconsistently parsed dates! Specify a format to ensure consistent parsing.
  t = pd.to_datetime(df[time_col], errors="coerce").dropna()

2025-11-24 13:39:25,634:WARNING:C:\Users\krzys\OneDrive\Documents\Y Priv\1. od_zera_do_ai\modul_11\AUTO_EDA_FOR\app\pages\02_Automat_EDA.py:3914: UserWarning: Parsing dates in DD/MM/YYYY format when dayfirst=False (the default) was specified. This may lead to inconsistently parsed dates! Specify a format to ensure consistent parsing.
  ts_df[x_choice] = pd.to_datetime(ts_df[x_choice], errors="coerce")

2025-11-24 13:39:36,893:WARNING:C:\Users\krzys\OneDrive\Documents\Y Priv\1. od_zera_do_ai\modul_11\AUTO_EDA_FOR\app\pages\02_Automat_EDA.py:514: UserWarning: Parsing dates in DD/MM/YYYY format when dayfirst=False (the default) was specified. This may lead to inconsistently parsed dates! Specify a format to ensure consistent parsing.
  parsed = pd.to_datetime(sample, errors="coerce", utc=False)

2025-11-24 13:39:37,074:WARNING:C:\Users\krzys\OneDrive\Documents\Y Priv\1. od_zera_do_ai\modul_11\AUTO_EDA_FOR\app\pages\02_Automat_EDA.py:602: UserWarning: Parsing dates in DD/MM/YYYY format when dayfirst=False (the default) was specified. This may lead to inconsistently parsed dates! Specify a format to ensure consistent parsing.
  parsed = pd.to_datetime(sample, errors="coerce", utc=False)

2025-11-24 13:39:37,205:WARNING:C:\Users\krzys\OneDrive\Documents\Y Priv\1. od_zera_do_ai\modul_11\AUTO_EDA_FOR\app\pages\02_Automat_EDA.py:2438: UserWarning: Parsing dates in DD/MM/YYYY format when dayfirst=False (the default) was specified. This may lead to inconsistently parsed dates! Specify a format to ensure consistent parsing.
  t = pd.to_datetime(df[x_choice], errors="coerce")

2025-11-24 13:39:37,456:WARNING:C:\Users\krzys\OneDrive\Documents\Y Priv\1. od_zera_do_ai\modul_11\AUTO_EDA_FOR\app\pages\02_Automat_EDA.py:2574: UserWarning: Parsing dates in DD/MM/YYYY format when dayfirst=False (the default) was specified. This may lead to inconsistently parsed dates! Specify a format to ensure consistent parsing.
  t = pd.to_datetime(df[time_col], errors="coerce").dropna()

2025-11-24 13:39:37,836:WARNING:C:\Users\krzys\OneDrive\Documents\Y Priv\1. od_zera_do_ai\modul_11\AUTO_EDA_FOR\app\pages\02_Automat_EDA.py:3914: UserWarning: Parsing dates in DD/MM/YYYY format when dayfirst=False (the default) was specified. This may lead to inconsistently parsed dates! Specify a format to ensure consistent parsing.
  ts_df[x_choice] = pd.to_datetime(ts_df[x_choice], errors="coerce")

2025-11-24 13:41:25,646:WARNING:C:\Users\krzys\OneDrive\Documents\Y Priv\1. od_zera_do_ai\modul_11\AUTO_EDA_FOR\app\pages\02_Automat_EDA.py:514: UserWarning: Parsing dates in DD/MM/YYYY format when dayfirst=False (the default) was specified. This may lead to inconsistently parsed dates! Specify a format to ensure consistent parsing.
  parsed = pd.to_datetime(sample, errors="coerce", utc=False)

2025-11-24 13:41:25,811:WARNING:C:\Users\krzys\OneDrive\Documents\Y Priv\1. od_zera_do_ai\modul_11\AUTO_EDA_FOR\app\pages\02_Automat_EDA.py:602: UserWarning: Parsing dates in DD/MM/YYYY format when dayfirst=False (the default) was specified. This may lead to inconsistently parsed dates! Specify a format to ensure consistent parsing.
  parsed = pd.to_datetime(sample, errors="coerce", utc=False)

2025-11-24 13:41:25,922:WARNING:C:\Users\krzys\OneDrive\Documents\Y Priv\1. od_zera_do_ai\modul_11\AUTO_EDA_FOR\app\pages\02_Automat_EDA.py:2438: UserWarning: Parsing dates in DD/MM/YYYY format when dayfirst=False (the default) was specified. This may lead to inconsistently parsed dates! Specify a format to ensure consistent parsing.
  t = pd.to_datetime(df[x_choice], errors="coerce")

2025-11-24 13:41:26,195:WARNING:C:\Users\krzys\OneDrive\Documents\Y Priv\1. od_zera_do_ai\modul_11\AUTO_EDA_FOR\app\pages\02_Automat_EDA.py:2574: UserWarning: Parsing dates in DD/MM/YYYY format when dayfirst=False (the default) was specified. This may lead to inconsistently parsed dates! Specify a format to ensure consistent parsing.
  t = pd.to_datetime(df[time_col], errors="coerce").dropna()

2025-11-24 13:41:26,578:WARNING:C:\Users\krzys\OneDrive\Documents\Y Priv\1. od_zera_do_ai\modul_11\AUTO_EDA_FOR\app\pages\02_Automat_EDA.py:3914: UserWarning: Parsing dates in DD/MM/YYYY format when dayfirst=False (the default) was specified. This may lead to inconsistently parsed dates! Specify a format to ensure consistent parsing.
  ts_df[x_choice] = pd.to_datetime(ts_df[x_choice], errors="coerce")

2025-11-24 13:41:41,518:WARNING:C:\Users\krzys\OneDrive\Documents\Y Priv\1. od_zera_do_ai\modul_11\AUTO_EDA_FOR\app\pages\02_Automat_EDA.py:514: UserWarning: Parsing dates in DD/MM/YYYY format when dayfirst=False (the default) was specified. This may lead to inconsistently parsed dates! Specify a format to ensure consistent parsing.
  parsed = pd.to_datetime(sample, errors="coerce", utc=False)

2025-11-24 13:41:41,690:WARNING:C:\Users\krzys\OneDrive\Documents\Y Priv\1. od_zera_do_ai\modul_11\AUTO_EDA_FOR\app\pages\02_Automat_EDA.py:602: UserWarning: Parsing dates in DD/MM/YYYY format when dayfirst=False (the default) was specified. This may lead to inconsistently parsed dates! Specify a format to ensure consistent parsing.
  parsed = pd.to_datetime(sample, errors="coerce", utc=False)

2025-11-24 13:41:41,828:WARNING:C:\Users\krzys\OneDrive\Documents\Y Priv\1. od_zera_do_ai\modul_11\AUTO_EDA_FOR\app\pages\02_Automat_EDA.py:2438: UserWarning: Parsing dates in DD/MM/YYYY format when dayfirst=False (the default) was specified. This may lead to inconsistently parsed dates! Specify a format to ensure consistent parsing.
  t = pd.to_datetime(df[x_choice], errors="coerce")

2025-11-24 13:41:42,083:WARNING:C:\Users\krzys\OneDrive\Documents\Y Priv\1. od_zera_do_ai\modul_11\AUTO_EDA_FOR\app\pages\02_Automat_EDA.py:2574: UserWarning: Parsing dates in DD/MM/YYYY format when dayfirst=False (the default) was specified. This may lead to inconsistently parsed dates! Specify a format to ensure consistent parsing.
  t = pd.to_datetime(df[time_col], errors="coerce").dropna()

2025-11-24 13:41:42,471:WARNING:C:\Users\krzys\OneDrive\Documents\Y Priv\1. od_zera_do_ai\modul_11\AUTO_EDA_FOR\app\pages\02_Automat_EDA.py:3914: UserWarning: Parsing dates in DD/MM/YYYY format when dayfirst=False (the default) was specified. This may lead to inconsistently parsed dates! Specify a format to ensure consistent parsing.
  ts_df[x_choice] = pd.to_datetime(ts_df[x_choice], errors="coerce")

2025-11-24 13:41:55,663:WARNING:C:\Users\krzys\OneDrive\Documents\Y Priv\1. od_zera_do_ai\modul_11\AUTO_EDA_FOR\app\pages\02_Automat_EDA.py:514: UserWarning: Parsing dates in DD/MM/YYYY format when dayfirst=False (the default) was specified. This may lead to inconsistently parsed dates! Specify a format to ensure consistent parsing.
  parsed = pd.to_datetime(sample, errors="coerce", utc=False)

2025-11-24 13:41:55,811:WARNING:C:\Users\krzys\OneDrive\Documents\Y Priv\1. od_zera_do_ai\modul_11\AUTO_EDA_FOR\app\pages\02_Automat_EDA.py:602: UserWarning: Parsing dates in DD/MM/YYYY format when dayfirst=False (the default) was specified. This may lead to inconsistently parsed dates! Specify a format to ensure consistent parsing.
  parsed = pd.to_datetime(sample, errors="coerce", utc=False)

2025-11-24 13:41:55,916:WARNING:C:\Users\krzys\OneDrive\Documents\Y Priv\1. od_zera_do_ai\modul_11\AUTO_EDA_FOR\app\pages\02_Automat_EDA.py:2438: UserWarning: Parsing dates in DD/MM/YYYY format when dayfirst=False (the default) was specified. This may lead to inconsistently parsed dates! Specify a format to ensure consistent parsing.
  t = pd.to_datetime(df[x_choice], errors="coerce")

2025-11-24 13:41:56,143:WARNING:C:\Users\krzys\OneDrive\Documents\Y Priv\1. od_zera_do_ai\modul_11\AUTO_EDA_FOR\app\pages\02_Automat_EDA.py:2574: UserWarning: Parsing dates in DD/MM/YYYY format when dayfirst=False (the default) was specified. This may lead to inconsistently parsed dates! Specify a format to ensure consistent parsing.
  t = pd.to_datetime(df[time_col], errors="coerce").dropna()

2025-11-24 13:41:56,515:WARNING:C:\Users\krzys\OneDrive\Documents\Y Priv\1. od_zera_do_ai\modul_11\AUTO_EDA_FOR\app\pages\02_Automat_EDA.py:3914: UserWarning: Parsing dates in DD/MM/YYYY format when dayfirst=False (the default) was specified. This may lead to inconsistently parsed dates! Specify a format to ensure consistent parsing.
  ts_df[x_choice] = pd.to_datetime(ts_df[x_choice], errors="coerce")

2025-11-24 13:41:58,771:WARNING:C:\Users\krzys\OneDrive\Documents\Y Priv\1. od_zera_do_ai\modul_11\AUTO_EDA_FOR\app\pages\02_Automat_EDA.py:514: UserWarning: Parsing dates in DD/MM/YYYY format when dayfirst=False (the default) was specified. This may lead to inconsistently parsed dates! Specify a format to ensure consistent parsing.
  parsed = pd.to_datetime(sample, errors="coerce", utc=False)

2025-11-24 13:41:58,940:WARNING:C:\Users\krzys\OneDrive\Documents\Y Priv\1. od_zera_do_ai\modul_11\AUTO_EDA_FOR\app\pages\02_Automat_EDA.py:602: UserWarning: Parsing dates in DD/MM/YYYY format when dayfirst=False (the default) was specified. This may lead to inconsistently parsed dates! Specify a format to ensure consistent parsing.
  parsed = pd.to_datetime(sample, errors="coerce", utc=False)

2025-11-24 13:41:59,065:WARNING:C:\Users\krzys\OneDrive\Documents\Y Priv\1. od_zera_do_ai\modul_11\AUTO_EDA_FOR\app\pages\02_Automat_EDA.py:2438: UserWarning: Parsing dates in DD/MM/YYYY format when dayfirst=False (the default) was specified. This may lead to inconsistently parsed dates! Specify a format to ensure consistent parsing.
  t = pd.to_datetime(df[x_choice], errors="coerce")

2025-11-24 13:41:59,331:WARNING:C:\Users\krzys\OneDrive\Documents\Y Priv\1. od_zera_do_ai\modul_11\AUTO_EDA_FOR\app\pages\02_Automat_EDA.py:2574: UserWarning: Parsing dates in DD/MM/YYYY format when dayfirst=False (the default) was specified. This may lead to inconsistently parsed dates! Specify a format to ensure consistent parsing.
  t = pd.to_datetime(df[time_col], errors="coerce").dropna()

2025-11-24 13:41:59,701:WARNING:C:\Users\krzys\OneDrive\Documents\Y Priv\1. od_zera_do_ai\modul_11\AUTO_EDA_FOR\app\pages\02_Automat_EDA.py:3914: UserWarning: Parsing dates in DD/MM/YYYY format when dayfirst=False (the default) was specified. This may lead to inconsistently parsed dates! Specify a format to ensure consistent parsing.
  ts_df[x_choice] = pd.to_datetime(ts_df[x_choice], errors="coerce")

2025-11-24 13:51:47,454:WARNING:C:\Users\krzys\OneDrive\Documents\Y Priv\1. od_zera_do_ai\modul_11\AUTO_EDA_FOR\app\pages\02_Automat_EDA.py:514: UserWarning: Parsing dates in DD/MM/YYYY format when dayfirst=False (the default) was specified. This may lead to inconsistently parsed dates! Specify a format to ensure consistent parsing.
  parsed = pd.to_datetime(sample, errors="coerce", utc=False)

2025-11-24 13:51:47,670:WARNING:C:\Users\krzys\OneDrive\Documents\Y Priv\1. od_zera_do_ai\modul_11\AUTO_EDA_FOR\app\pages\02_Automat_EDA.py:602: UserWarning: Parsing dates in DD/MM/YYYY format when dayfirst=False (the default) was specified. This may lead to inconsistently parsed dates! Specify a format to ensure consistent parsing.
  parsed = pd.to_datetime(sample, errors="coerce", utc=False)

2025-11-24 13:51:47,860:WARNING:C:\Users\krzys\OneDrive\Documents\Y Priv\1. od_zera_do_ai\modul_11\AUTO_EDA_FOR\app\pages\02_Automat_EDA.py:2438: UserWarning: Parsing dates in DD/MM/YYYY format when dayfirst=False (the default) was specified. This may lead to inconsistently parsed dates! Specify a format to ensure consistent parsing.
  t = pd.to_datetime(df[x_choice], errors="coerce")

2025-11-24 13:51:48,340:WARNING:C:\Users\krzys\OneDrive\Documents\Y Priv\1. od_zera_do_ai\modul_11\AUTO_EDA_FOR\app\pages\02_Automat_EDA.py:2574: UserWarning: Parsing dates in DD/MM/YYYY format when dayfirst=False (the default) was specified. This may lead to inconsistently parsed dates! Specify a format to ensure consistent parsing.
  t = pd.to_datetime(df[time_col], errors="coerce").dropna()

2025-11-24 13:51:49,181:WARNING:C:\Users\krzys\OneDrive\Documents\Y Priv\1. od_zera_do_ai\modul_11\AUTO_EDA_FOR\app\pages\02_Automat_EDA.py:3914: UserWarning: Parsing dates in DD/MM/YYYY format when dayfirst=False (the default) was specified. This may lead to inconsistently parsed dates! Specify a format to ensure consistent parsing.
  ts_df[x_choice] = pd.to_datetime(ts_df[x_choice], errors="coerce")

2025-11-24 14:23:10,494:WARNING:C:\Users\krzys\OneDrive\Documents\Y Priv\1. od_zera_do_ai\modul_11\AUTO_EDA_FOR\app\pages\02_Automat_EDA.py:514: UserWarning: Parsing dates in DD/MM/YYYY format when dayfirst=False (the default) was specified. This may lead to inconsistently parsed dates! Specify a format to ensure consistent parsing.
  parsed = pd.to_datetime(sample, errors="coerce", utc=False)

2025-11-24 14:23:10,647:WARNING:C:\Users\krzys\OneDrive\Documents\Y Priv\1. od_zera_do_ai\modul_11\AUTO_EDA_FOR\app\pages\02_Automat_EDA.py:602: UserWarning: Parsing dates in DD/MM/YYYY format when dayfirst=False (the default) was specified. This may lead to inconsistently parsed dates! Specify a format to ensure consistent parsing.
  parsed = pd.to_datetime(sample, errors="coerce", utc=False)

2025-11-24 14:23:10,761:WARNING:C:\Users\krzys\OneDrive\Documents\Y Priv\1. od_zera_do_ai\modul_11\AUTO_EDA_FOR\app\pages\02_Automat_EDA.py:2438: UserWarning: Parsing dates in DD/MM/YYYY format when dayfirst=False (the default) was specified. This may lead to inconsistently parsed dates! Specify a format to ensure consistent parsing.
  t = pd.to_datetime(df[x_choice], errors="coerce")

2025-11-24 14:23:11,011:WARNING:C:\Users\krzys\OneDrive\Documents\Y Priv\1. od_zera_do_ai\modul_11\AUTO_EDA_FOR\app\pages\02_Automat_EDA.py:2574: UserWarning: Parsing dates in DD/MM/YYYY format when dayfirst=False (the default) was specified. This may lead to inconsistently parsed dates! Specify a format to ensure consistent parsing.
  t = pd.to_datetime(df[time_col], errors="coerce").dropna()

2025-11-24 14:23:11,389:WARNING:C:\Users\krzys\OneDrive\Documents\Y Priv\1. od_zera_do_ai\modul_11\AUTO_EDA_FOR\app\pages\02_Automat_EDA.py:3914: UserWarning: Parsing dates in DD/MM/YYYY format when dayfirst=False (the default) was specified. This may lead to inconsistently parsed dates! Specify a format to ensure consistent parsing.
  ts_df[x_choice] = pd.to_datetime(ts_df[x_choice], errors="coerce")

2025-11-24 14:27:11,895:WARNING:C:\Users\krzys\OneDrive\Documents\Y Priv\1. od_zera_do_ai\modul_11\AUTO_EDA_FOR\app\pages\02_Automat_EDA.py:514: UserWarning: Parsing dates in DD/MM/YYYY format when dayfirst=False (the default) was specified. This may lead to inconsistently parsed dates! Specify a format to ensure consistent parsing.
  parsed = pd.to_datetime(sample, errors="coerce", utc=False)

2025-11-24 14:27:12,094:WARNING:C:\Users\krzys\OneDrive\Documents\Y Priv\1. od_zera_do_ai\modul_11\AUTO_EDA_FOR\app\pages\02_Automat_EDA.py:602: UserWarning: Parsing dates in DD/MM/YYYY format when dayfirst=False (the default) was specified. This may lead to inconsistently parsed dates! Specify a format to ensure consistent parsing.
  parsed = pd.to_datetime(sample, errors="coerce", utc=False)

2025-11-24 14:27:12,273:WARNING:C:\Users\krzys\OneDrive\Documents\Y Priv\1. od_zera_do_ai\modul_11\AUTO_EDA_FOR\app\pages\02_Automat_EDA.py:2438: UserWarning: Parsing dates in DD/MM/YYYY format when dayfirst=False (the default) was specified. This may lead to inconsistently parsed dates! Specify a format to ensure consistent parsing.
  t = pd.to_datetime(df[x_choice], errors="coerce")

2025-11-24 14:27:12,583:WARNING:C:\Users\krzys\OneDrive\Documents\Y Priv\1. od_zera_do_ai\modul_11\AUTO_EDA_FOR\app\pages\02_Automat_EDA.py:2574: UserWarning: Parsing dates in DD/MM/YYYY format when dayfirst=False (the default) was specified. This may lead to inconsistently parsed dates! Specify a format to ensure consistent parsing.
  t = pd.to_datetime(df[time_col], errors="coerce").dropna()

2025-11-24 14:27:13,494:WARNING:C:\Users\krzys\OneDrive\Documents\Y Priv\1. od_zera_do_ai\modul_11\AUTO_EDA_FOR\app\pages\02_Automat_EDA.py:3914: UserWarning: Parsing dates in DD/MM/YYYY format when dayfirst=False (the default) was specified. This may lead to inconsistently parsed dates! Specify a format to ensure consistent parsing.
  ts_df[x_choice] = pd.to_datetime(ts_df[x_choice], errors="coerce")

2025-11-24 14:39:41,966:WARNING:C:\Users\krzys\OneDrive\Documents\Y Priv\1. od_zera_do_ai\modul_11\AUTO_EDA_FOR\app\pages\02_Automat_EDA.py:514: UserWarning: Parsing dates in DD/MM/YYYY format when dayfirst=False (the default) was specified. This may lead to inconsistently parsed dates! Specify a format to ensure consistent parsing.
  parsed = pd.to_datetime(sample, errors="coerce", utc=False)

2025-11-24 14:39:42,174:WARNING:C:\Users\krzys\OneDrive\Documents\Y Priv\1. od_zera_do_ai\modul_11\AUTO_EDA_FOR\app\pages\02_Automat_EDA.py:602: UserWarning: Parsing dates in DD/MM/YYYY format when dayfirst=False (the default) was specified. This may lead to inconsistently parsed dates! Specify a format to ensure consistent parsing.
  parsed = pd.to_datetime(sample, errors="coerce", utc=False)

2025-11-24 14:39:44,759:WARNING:C:\Users\krzys\OneDrive\Documents\Y Priv\1. od_zera_do_ai\modul_11\AUTO_EDA_FOR\app\pages\02_Automat_EDA.py:514: UserWarning: Parsing dates in DD/MM/YYYY format when dayfirst=False (the default) was specified. This may lead to inconsistently parsed dates! Specify a format to ensure consistent parsing.
  parsed = pd.to_datetime(sample, errors="coerce", utc=False)

2025-11-24 14:39:44,915:WARNING:C:\Users\krzys\OneDrive\Documents\Y Priv\1. od_zera_do_ai\modul_11\AUTO_EDA_FOR\app\pages\02_Automat_EDA.py:602: UserWarning: Parsing dates in DD/MM/YYYY format when dayfirst=False (the default) was specified. This may lead to inconsistently parsed dates! Specify a format to ensure consistent parsing.
  parsed = pd.to_datetime(sample, errors="coerce", utc=False)

2025-11-24 14:39:45,041:WARNING:C:\Users\krzys\OneDrive\Documents\Y Priv\1. od_zera_do_ai\modul_11\AUTO_EDA_FOR\app\pages\02_Automat_EDA.py:2404: UserWarning: Parsing dates in DD/MM/YYYY format when dayfirst=False (the default) was specified. This may lead to inconsistently parsed dates! Specify a format to ensure consistent parsing.
  t = pd.to_datetime(df[x_choice], errors="coerce")

2025-11-24 14:39:45,390:WARNING:C:\Users\krzys\OneDrive\Documents\Y Priv\1. od_zera_do_ai\modul_11\AUTO_EDA_FOR\app\pages\02_Automat_EDA.py:2540: UserWarning: Parsing dates in DD/MM/YYYY format when dayfirst=False (the default) was specified. This may lead to inconsistently parsed dates! Specify a format to ensure consistent parsing.
  t = pd.to_datetime(df[time_col], errors="coerce").dropna()

2025-11-24 14:39:46,015:WARNING:C:\Users\krzys\OneDrive\Documents\Y Priv\1. od_zera_do_ai\modul_11\AUTO_EDA_FOR\app\pages\02_Automat_EDA.py:3929: UserWarning: Parsing dates in DD/MM/YYYY format when dayfirst=False (the default) was specified. This may lead to inconsistently parsed dates! Specify a format to ensure consistent parsing.
  ts_df[x_choice] = pd.to_datetime(ts_df[x_choice], errors="coerce")

2025-11-24 14:39:59,835:WARNING:C:\Users\krzys\OneDrive\Documents\Y Priv\1. od_zera_do_ai\modul_11\AUTO_EDA_FOR\app\pages\02_Automat_EDA.py:2404: UserWarning: Parsing dates in DD/MM/YYYY format when dayfirst=False (the default) was specified. This may lead to inconsistently parsed dates! Specify a format to ensure consistent parsing.
  t = pd.to_datetime(df[x_choice], errors="coerce")

2025-11-24 14:40:00,135:WARNING:C:\Users\krzys\OneDrive\Documents\Y Priv\1. od_zera_do_ai\modul_11\AUTO_EDA_FOR\app\pages\02_Automat_EDA.py:2540: UserWarning: Parsing dates in DD/MM/YYYY format when dayfirst=False (the default) was specified. This may lead to inconsistently parsed dates! Specify a format to ensure consistent parsing.
  t = pd.to_datetime(df[time_col], errors="coerce").dropna()

2025-11-24 14:40:00,914:WARNING:C:\Users\krzys\OneDrive\Documents\Y Priv\1. od_zera_do_ai\modul_11\AUTO_EDA_FOR\app\pages\02_Automat_EDA.py:3929: UserWarning: Parsing dates in DD/MM/YYYY format when dayfirst=False (the default) was specified. This may lead to inconsistently parsed dates! Specify a format to ensure consistent parsing.
  ts_df[x_choice] = pd.to_datetime(ts_df[x_choice], errors="coerce")

2025-11-24 14:40:15,000:WARNING:C:\Users\krzys\OneDrive\Documents\Y Priv\1. od_zera_do_ai\modul_11\AUTO_EDA_FOR\app\pages\02_Automat_EDA.py:2404: UserWarning: Parsing dates in DD/MM/YYYY format when dayfirst=False (the default) was specified. This may lead to inconsistently parsed dates! Specify a format to ensure consistent parsing.
  t = pd.to_datetime(df[x_choice], errors="coerce")

2025-11-24 14:40:15,248:WARNING:C:\Users\krzys\OneDrive\Documents\Y Priv\1. od_zera_do_ai\modul_11\AUTO_EDA_FOR\app\pages\02_Automat_EDA.py:2540: UserWarning: Parsing dates in DD/MM/YYYY format when dayfirst=False (the default) was specified. This may lead to inconsistently parsed dates! Specify a format to ensure consistent parsing.
  t = pd.to_datetime(df[time_col], errors="coerce").dropna()

2025-11-24 14:40:15,648:WARNING:C:\Users\krzys\OneDrive\Documents\Y Priv\1. od_zera_do_ai\modul_11\AUTO_EDA_FOR\app\pages\02_Automat_EDA.py:3929: UserWarning: Parsing dates in DD/MM/YYYY format when dayfirst=False (the default) was specified. This may lead to inconsistently parsed dates! Specify a format to ensure consistent parsing.
  ts_df[x_choice] = pd.to_datetime(ts_df[x_choice], errors="coerce")

2025-11-24 14:40:24,213:WARNING:C:\Users\krzys\OneDrive\Documents\Y Priv\1. od_zera_do_ai\modul_11\AUTO_EDA_FOR\app\pages\02_Automat_EDA.py:2404: UserWarning: Parsing dates in DD/MM/YYYY format when dayfirst=False (the default) was specified. This may lead to inconsistently parsed dates! Specify a format to ensure consistent parsing.
  t = pd.to_datetime(df[x_choice], errors="coerce")

2025-11-24 14:40:24,449:WARNING:C:\Users\krzys\OneDrive\Documents\Y Priv\1. od_zera_do_ai\modul_11\AUTO_EDA_FOR\app\pages\02_Automat_EDA.py:2540: UserWarning: Parsing dates in DD/MM/YYYY format when dayfirst=False (the default) was specified. This may lead to inconsistently parsed dates! Specify a format to ensure consistent parsing.
  t = pd.to_datetime(df[time_col], errors="coerce").dropna()

2025-11-24 14:40:24,822:WARNING:C:\Users\krzys\OneDrive\Documents\Y Priv\1. od_zera_do_ai\modul_11\AUTO_EDA_FOR\app\pages\02_Automat_EDA.py:3929: UserWarning: Parsing dates in DD/MM/YYYY format when dayfirst=False (the default) was specified. This may lead to inconsistently parsed dates! Specify a format to ensure consistent parsing.
  ts_df[x_choice] = pd.to_datetime(ts_df[x_choice], errors="coerce")

2025-11-24 14:40:32,751:WARNING:C:\Users\krzys\OneDrive\Documents\Y Priv\1. od_zera_do_ai\modul_11\AUTO_EDA_FOR\app\pages\02_Automat_EDA.py:2404: UserWarning: Parsing dates in DD/MM/YYYY format when dayfirst=False (the default) was specified. This may lead to inconsistently parsed dates! Specify a format to ensure consistent parsing.
  t = pd.to_datetime(df[x_choice], errors="coerce")

2025-11-24 14:40:32,993:WARNING:C:\Users\krzys\OneDrive\Documents\Y Priv\1. od_zera_do_ai\modul_11\AUTO_EDA_FOR\app\pages\02_Automat_EDA.py:2540: UserWarning: Parsing dates in DD/MM/YYYY format when dayfirst=False (the default) was specified. This may lead to inconsistently parsed dates! Specify a format to ensure consistent parsing.
  t = pd.to_datetime(df[time_col], errors="coerce").dropna()

2025-11-24 14:40:33,365:WARNING:C:\Users\krzys\OneDrive\Documents\Y Priv\1. od_zera_do_ai\modul_11\AUTO_EDA_FOR\app\pages\02_Automat_EDA.py:3929: UserWarning: Parsing dates in DD/MM/YYYY format when dayfirst=False (the default) was specified. This may lead to inconsistently parsed dates! Specify a format to ensure consistent parsing.
  ts_df[x_choice] = pd.to_datetime(ts_df[x_choice], errors="coerce")

2025-11-24 14:40:39,895:WARNING:C:\Users\krzys\OneDrive\Documents\Y Priv\1. od_zera_do_ai\modul_11\AUTO_EDA_FOR\app\pages\02_Automat_EDA.py:2404: UserWarning: Parsing dates in DD/MM/YYYY format when dayfirst=False (the default) was specified. This may lead to inconsistently parsed dates! Specify a format to ensure consistent parsing.
  t = pd.to_datetime(df[x_choice], errors="coerce")

2025-11-24 14:40:40,135:WARNING:C:\Users\krzys\OneDrive\Documents\Y Priv\1. od_zera_do_ai\modul_11\AUTO_EDA_FOR\app\pages\02_Automat_EDA.py:2540: UserWarning: Parsing dates in DD/MM/YYYY format when dayfirst=False (the default) was specified. This may lead to inconsistently parsed dates! Specify a format to ensure consistent parsing.
  t = pd.to_datetime(df[time_col], errors="coerce").dropna()

2025-11-24 14:40:40,515:WARNING:C:\Users\krzys\OneDrive\Documents\Y Priv\1. od_zera_do_ai\modul_11\AUTO_EDA_FOR\app\pages\02_Automat_EDA.py:3929: UserWarning: Parsing dates in DD/MM/YYYY format when dayfirst=False (the default) was specified. This may lead to inconsistently parsed dates! Specify a format to ensure consistent parsing.
  ts_df[x_choice] = pd.to_datetime(ts_df[x_choice], errors="coerce")

2025-11-24 14:40:52,985:WARNING:C:\Users\krzys\OneDrive\Documents\Y Priv\1. od_zera_do_ai\modul_11\AUTO_EDA_FOR\app\pages\02_Automat_EDA.py:2404: UserWarning: Parsing dates in DD/MM/YYYY format when dayfirst=False (the default) was specified. This may lead to inconsistently parsed dates! Specify a format to ensure consistent parsing.
  t = pd.to_datetime(df[x_choice], errors="coerce")

2025-11-24 14:40:53,294:WARNING:C:\Users\krzys\OneDrive\Documents\Y Priv\1. od_zera_do_ai\modul_11\AUTO_EDA_FOR\app\pages\02_Automat_EDA.py:2540: UserWarning: Parsing dates in DD/MM/YYYY format when dayfirst=False (the default) was specified. This may lead to inconsistently parsed dates! Specify a format to ensure consistent parsing.
  t = pd.to_datetime(df[time_col], errors="coerce").dropna()

2025-11-24 14:40:53,692:WARNING:C:\Users\krzys\OneDrive\Documents\Y Priv\1. od_zera_do_ai\modul_11\AUTO_EDA_FOR\app\pages\02_Automat_EDA.py:3929: UserWarning: Parsing dates in DD/MM/YYYY format when dayfirst=False (the default) was specified. This may lead to inconsistently parsed dates! Specify a format to ensure consistent parsing.
  ts_df[x_choice] = pd.to_datetime(ts_df[x_choice], errors="coerce")

